================================================================================
TESLALAB AI — AGENT 3 TARGETED REPAIR AGENT EXECUTION TRACE (TASK 35)
Session ID: repair-session-benchmark-pagination-01
Defect Type: Pagination Slice Off-By-One Boundary Error
================================================================================

[ROUND 1] Executing 5-Signal Validation on Candidate Patch...
   Verdict: FAIL (Score: 0.8)
   - Signal 'requirements': PASS | Requirements verified: Patch targets the correct functional scope.
   - Signal 'diff_quality': PASS | Diff quality passed: Minimal patch with 2 lines changed (+1/-1).
   - Signal 'repro_test': FAIL | Reproduction test (tests/test_repro_pagination.py) FAILED: The defect is not yet resolved.
   - Signal 'regression_tests': PASS | Regression tests PASSED: 1/1 tests succeeded with 0 regressions.
   - Signal 'security_scan': PASS | Security scan clean: 0 new CWE vulnerabilities introduced.
   Failure Reasons: ['[REPRO_TEST] Reproduction test (tests/test_repro_pagination.py) FAILED: The defect is not yet resolved.']

[ROUND 1 -> REPAIR] Ingesting Failure Diagnostics into RepairAgent...
   Detected Root Cause: [OFF_BY_ONE] Off-by-one slice calculation: end boundary omitted the last requested item.
   Assertion Detail: Expected 5 items, got 4
   Suggested Direction: Adjust upper slice index from 'start + (page_size - 1)' to 'start + page_size'.

   Synthesized RepairPlan (Attempt 1):
   Target Components: ['src/catalog/paginate.py']
   Status: RETRY
   Adjusted Patch:
     --- a/src/catalog/paginate.py
     +++ b/src/catalog/paginate.py
     @@ -3,3 +3,3 @@
          start = (page - 1) * page_size
     -    end = start + (page_size - 1)
     +    end = start + page_size
          return items[start:end]

   Applied patch to C:\Users\ASUS\AppData\Local\Temp\tmpj75nj8eq\src\catalog\paginate.py: True

[ROUND 2] Re-Evaluating Corrected Implementation...
   Verdict: PASS (Score: 1.0)
   - Signal 'requirements': PASS | Requirements verified: Patch targets the correct functional scope.
   - Signal 'diff_quality': PASS | Diff quality passed: Minimal patch with 2 lines changed (+1/-1).
   - Signal 'repro_test': PASS | Reproduction test (tests/test_repro_pagination.py) PASSED cleanly.
   - Signal 'regression_tests': PASS | Regression tests PASSED: 1/1 tests succeeded with 0 regressions.
   - Signal 'security_scan': PASS | Security scan clean: 0 new CWE vulnerabilities introduced.

[CONVERGENCE] Autonomous self-healing repair converged to PASS in 2 rounds (<= 3 allowed).
State transitioned to: PR_READY
