================================================================================
TESLALAB AI — AGENT 3 CLOSED-LOOP BUG-TO-PR SESSION EXECUTION TRACE (TASK 37)
Session ID: session-day3-closed-loop-01
Target Branch: main | Task Branch: task/bugfix-session-day3-closed-loop-01
PR Status: OPEN | URL: https://github.com/TeslaLab-AI/website/pull/42
Mandatory Labels: ['ai-generated', 'bug-fix', 'stage-0']
================================================================================

[PIPELINE STATE MACHINE]
Final State: PR_READY
Attempts Executed: 1
Accumulated Cost: $0.0400 USD
Elapsed Time: 2.00s
Circuit Breaker Tripped: False

[CHRONOLOGICAL TELEMETRY EVENTS]
  Event #01 [2026-09-21T06:47:37Z] Step: VALIDATE     Status: IN_PROGRESS Cost: $0.0200
    Details: {'diff_hash': '7e6191e307', 'attempt': 0}
  Event #02 [2026-09-21T06:47:38Z] Step: VALIDATE     Status: FAILURE    Cost: $0.0000
    Details: {'failure_reasons': ['[REPRO_TEST] Reproduction test (tests/test_repro.py) FAILED: The defect is not yet resolved.']}
  Event #03 [2026-09-21T06:47:38Z] Step: REPAIR       Status: RETRY      Cost: $0.0000
    Details: {'diagnosis': "[OFF_BY_ONE] Off-by-one slice calculation: end boundary omitted the last requested item. -> Direction: Adjust upper slice index from 'start + (page_size - 1)' to 'start + page_size'.", 'target_components': ['src/catalog/paginate.py']}
  Event #04 [2026-09-21T06:47:38Z] Step: VALIDATE     Status: IN_PROGRESS Cost: $0.0200
    Details: {'diff_hash': 'beb96605e4', 'attempt': 1}
  Event #05 [2026-09-21T06:47:39Z] Step: PR_READY     Status: SUCCESS    Cost: $0.0000
    Details: {'score': 1.0, 'attempts': 1}

[FINAL 5-SIGNAL VALIDATION VERDICT]
Verdict: PASS (Score: 1.0)
  - Signal 'requirements': PASS | Requirements verified: Patch targets the correct functional scope.
  - Signal 'diff_quality': PASS | Diff quality passed: Minimal patch with 2 lines changed (+1/-1).
  - Signal 'repro_test': PASS | Reproduction test (tests/test_repro.py) PASSED cleanly.
  - Signal 'regression_tests': PASS | No regression test suites impacted by the change.
  - Signal 'security_scan': PASS | Security scan clean: 0 new CWE vulnerabilities introduced.
