=== MANUAL CONTROL AUDIT TRAIL ===
Session ID: manual_sess_BUG-PAGINATE-01_1790064956
Finding ID: BUG-PAGINATE-01
Total Actions: 10
Plan Edited: True
Diff Edited: False

[2026-09-22T08:15:56Z] [INITIALIZED] Stage: INITIALIZED
  Details: Session created under manual control

[2026-09-22T08:15:56Z] [INVESTIGATE] Stage: INVESTIGATING
  Details: Investigation complete
  Notes: Operator inspecting bug context and target file paths

[2026-09-22T08:15:56Z] [REVIEW_DIAGNOSIS] Stage: DIAGNOSED
  Details: Diagnosis generated: Off-by-one boundary calculation in catalog pagination slice: end boundary omitted the 5th item.
  Notes: Operator reviewing specialist analysis

[2026-09-22T08:15:56Z] [EDIT_PLAN] Stage: PLAN_EDITED
  Details: Plan updated by operator. Overrides applied: plan=True, diff=False
  Notes: Operator customized remediation plan wording and guardrails

[2026-09-22T08:15:56Z] [APPROVE_EXECUTION] Stage: EXECUTING
  Details: Operator authorized patch application
  Notes: Operator approved applying code modifications

[2026-09-22T08:15:58Z] [REVIEW_DIFF] Stage: DIFF_REVIEWED
  Details: Diff reviewed. Validation Verdict: PASS (100%)
  Notes: Operator verifying 5-signal validation results

[2026-09-22T08:15:58Z] [RETRY] Stage: RETRYING
  Details: Operator requested retry iteration
  Notes: Operator triggered retry round for audit verification

[2026-09-22T08:15:58Z] [APPROVE_EXECUTION] Stage: EXECUTING
  Details: Operator authorized patch application

[2026-09-22T08:16:01Z] [REVIEW_DIFF] Stage: DIFF_REVIEWED
  Details: Diff reviewed. Validation Verdict: PASS (100%)

[2026-09-22T08:16:01Z] [OPEN_PR] Stage: PR_OPENED
  Details: PR opened: fix(BUG-PAGINATE-01): resolve Off-by-one boundary calculation in catalog pagination slice
  Notes: Operator approved final Pull Request submission

